ERC report (2026-08-16T10:07:22, Encoding UTF8)
Report includes: Errors, Warnings

***** Sheet /
[isolated_pin_label]: Label connected to only one pin
    ; warning
    @(1450 mils, 1550 mils): Hierarchical Label 'CHG_USB_DP'
[isolated_pin_label]: Label connected to only one pin
    ; warning
    @(1450 mils, 1650 mils): Hierarchical Label 'CHG_USB_DM'
[isolated_pin_label]: Label connected to only one pin
    ; warning
    @(6950 mils, 4150 mils): Hierarchical Label 'nCS_SD'
[isolated_pin_label]: Label connected to only one pin
    ; warning
    @(6950 mils, 4250 mils): Hierarchical Label 'LINK_ESP_TX'
[isolated_pin_label]: Label connected to only one pin
    ; warning
    @(6950 mils, 4350 mils): Hierarchical Label 'LINK_ESP_RX'
[isolated_pin_label]: Label connected to only one pin
    ; warning
    @(6950 mils, 4450 mils): Hierarchical Label 'LINK_SYNC'
[isolated_pin_label]: Label connected to only one pin
    ; warning
    @(6950 mils, 4550 mils): Hierarchical Label 'ZEROIZE_BTN'
[isolated_pin_label]: Label connected to only one pin
    ; warning
    @(6950 mils, 4650 mils): Hierarchical Label 'ENCODER_SW'
[isolated_pin_label]: Label connected to only one pin
    ; warning
    @(6950 mils, 4750 mils): Hierarchical Label 'GPS_PPS'
[isolated_pin_label]: Label connected to only one pin
    ; warning
    @(7000 mils, 3250 mils): Hierarchical Label 'BUZZER'
[isolated_pin_label]: Label connected to only one pin
    ; warning
    @(7000 mils, 3350 mils): Hierarchical Label 'RF_SW_A'
[isolated_pin_label]: Label connected to only one pin
    ; warning
    @(7000 mils, 3550 mils): Hierarchical Label 'RF_SW_B'
[isolated_pin_label]: Label connected to only one pin
    ; warning
    @(7000 mils, 3650 mils): Hierarchical Label 'WS2812_DATA'
[isolated_pin_label]: Label connected to only one pin
    ; warning
    @(7000 mils, 3750 mils): Hierarchical Label 'LF_TMS3705_CE'
[isolated_pin_label]: Label connected to only one pin
    ; warning
    @(7000 mils, 3850 mils): Hierarchical Label 'HAPTIC_TRIG'
[isolated_pin_label]: Label connected to only one pin
    ; warning
    @(8650 mils, 3050 mils): Hierarchical Label 'CONSOLE_RX'
[isolated_pin_label]: Label connected to only one pin
    ; warning
    @(8650 mils, 3150 mils): Hierarchical Label 'GPS_TX'
[isolated_pin_label]: Label connected to only one pin
    ; warning
    @(8650 mils, 3250 mils): Hierarchical Label 'GPS_RX'
[isolated_pin_label]: Label connected to only one pin
    ; warning
    @(8650 mils, 3350 mils): Hierarchical Label 'nCS_UWB'
[isolated_pin_label]: Label connected to only one pin
    ; warning
    @(8650 mils, 3450 mils): Hierarchical Label 'UWB_IRQ'
[isolated_pin_label]: Label connected to only one pin
    ; warning
    @(8650 mils, 3550 mils): Hierarchical Label 'UWB_RST'
[isolated_pin_label]: Label connected to only one pin
    ; warning
    @(8650 mils, 3650 mils): Hierarchical Label 'SPI_MOSI'
[isolated_pin_label]: Label connected to only one pin
    ; warning
    @(8650 mils, 3750 mils): Hierarchical Label 'SPI_SCK'
[isolated_pin_label]: Label connected to only one pin
    ; warning
    @(8650 mils, 3850 mils): Hierarchical Label 'SPI_MISO'
[isolated_pin_label]: Label connected to only one pin
    ; warning
    @(8650 mils, 3950 mils): Hierarchical Label 'nCS_CC1101_B'
[isolated_pin_label]: Label connected to only one pin
    ; warning
    @(8650 mils, 4050 mils): Hierarchical Label 'nCS_CC1101_C'
[isolated_pin_label]: Label connected to only one pin
    ; warning
    @(8650 mils, 4150 mils): Hierarchical Label 'nCS_SI4463'
[isolated_pin_label]: Label connected to only one pin
    ; warning
    @(8650 mils, 4250 mils): Hierarchical Label 'ENCODER_A'
[isolated_pin_label]: Label connected to only one pin
    ; warning
    @(8650 mils, 4350 mils): Hierarchical Label 'ENCODER_B'
[isolated_pin_label]: Label connected to only one pin
    ; warning
    @(8650 mils, 4450 mils): Hierarchical Label 'TFT_DC'
[isolated_pin_label]: Label connected to only one pin
    ; warning
    @(8650 mils, 4550 mils): Hierarchical Label 'TFT_RST'
[isolated_pin_label]: Label connected to only one pin
    ; warning
    @(8650 mils, 4650 mils): Hierarchical Label 'nCS_TFT'
[isolated_pin_label]: Label connected to only one pin
    ; warning
    @(8650 mils, 4750 mils): Hierarchical Label 'nCS_CC1101_A'
[isolated_pin_label]: Label connected to only one pin
    ; warning
    @(9300 mils, 2950 mils): Hierarchical Label 'CONSOLE_TX'
[isolated_pin_label]: Label connected to only one pin
    ; warning
    @(2200 mils, 3200 mils): Hierarchical Label 'USB_HOST_D_N'
[isolated_pin_label]: Label connected to only one pin
    ; warning
    @(2200 mils, 3500 mils): Hierarchical Label 'USB_HOST_D_P'
[isolated_pin_label]: Label connected to only one pin
    ; warning
    @(6450 mils, 2450 mils): Hierarchical Label 'LINK_ESP_RX'
[isolated_pin_label]: Label connected to only one pin
    ; warning
    @(6450 mils, 2550 mils): Hierarchical Label 'LINK_ESP_TX'
[isolated_pin_label]: Label connected to only one pin
    ; warning
    @(6450 mils, 2650 mils): Hierarchical Label 'LINK_SYNC'
[isolated_pin_label]: Label connected to only one pin
    ; warning
    @(6450 mils, 2850 mils): Hierarchical Label 'CC1101_A_GDO0'
[isolated_pin_label]: Label connected to only one pin
    ; warning
    @(6450 mils, 2950 mils): Hierarchical Label 'CC1101_B_GDO0'
[isolated_pin_label]: Label connected to only one pin
    ; warning
    @(6450 mils, 3050 mils): Hierarchical Label 'CC1101_C_GDO0'
[isolated_pin_label]: Label connected to only one pin
    ; warning
    @(6450 mils, 3150 mils): Hierarchical Label 'REPLAY_OUT'
[isolated_pin_label]: Label connected to only one pin
    ; warning
    @(6450 mils, 3250 mils): Hierarchical Label 'CAN_TX'
[isolated_pin_label]: Label connected to only one pin
    ; warning
    @(6450 mils, 3350 mils): Hierarchical Label 'CAN_RX'
[isolated_pin_label]: Label connected to only one pin
    ; warning
    @(6450 mils, 3650 mils): Hierarchical Label 'NFC_MISO'
[isolated_pin_label]: Label connected to only one pin
    ; warning
    @(6450 mils, 3750 mils): Hierarchical Label 'nCS_NFC'
[isolated_pin_label]: Label connected to only one pin
    ; warning
    @(6450 mils, 3850 mils): Hierarchical Label 'NFC_SCK'
[isolated_pin_label]: Label connected to only one pin
    ; warning
    @(6450 mils, 3950 mils): Hierarchical Label 'NFC_MOSI'
[isolated_pin_label]: Label connected to only one pin
    ; warning
    @(6450 mils, 4250 mils): Hierarchical Label 'NFC_IRQ'
[isolated_pin_label]: Label connected to only one pin
    ; warning
    @(6450 mils, 4450 mils): Hierarchical Label 'LF_COIL_A'
[isolated_pin_label]: Label connected to only one pin
    ; warning
    @(6450 mils, 4550 mils): Hierarchical Label 'LF_COIL_B'
[isolated_pin_label]: Label connected to only one pin
    ; warning
    @(6450 mils, 4650 mils): Hierarchical Label 'LF_DEMOD'
[isolated_pin_label]: Label connected to only one pin
    ; warning
    @(6450 mils, 4750 mils): Hierarchical Label 'USB_HOST_VBUS_EN'
[isolated_pin_label]: Label connected to only one pin
    ; warning
    @(6450 mils, 4850 mils): Hierarchical Label 'USB_HOST_FAULT_N'
[unconnected_wire_endpoint]: Unconnected wire endpoint
    ; warning
    @(700 mils, 11450 mils): Horizontal Wire, length 1100 mils
[unconnected_wire_endpoint]: Unconnected wire endpoint
    ; warning
    @(3350 mils, 9300 mils): Horizontal Wire, length 950 mils
[footprint_link_issues]: The current configuration does not include the footprint library 'CC1101RGPR'
    ; warning
    @(3950 mils, 17050 mils): Symbol U3 [CC1101RGPR]
[unconnected_wire_endpoint]: Unconnected wire endpoint
    ; warning
    @(4850 mils, 16350 mils): Horizontal Wire, length 600 mils
[unconnected_wire_endpoint]: Unconnected wire endpoint
    ; warning
    @(4850 mils, 16550 mils): Horizontal Wire, length 600 mils
[footprint_link_issues]: The current configuration does not include the footprint library 'TQP3M9036'
    ; warning
    @(5900 mils, 21300 mils): Symbol U14 [TQP3M9036]
[unconnected_wire_endpoint]: Unconnected wire endpoint
    ; warning
    @(5050 mils, 20450 mils): Horizontal Wire, length 1000 mils
[unconnected_wire_endpoint]: Unconnected wire endpoint
    ; warning
    @(8100 mils, 3550 mils): Horizontal Wire, length 50 mils
[unconnected_wire_endpoint]: Unconnected wire endpoint
    ; warning
    @(8100 mils, 3750 mils): Horizontal Wire, length 50 mils
[unconnected_wire_endpoint]: Unconnected wire endpoint
    ; warning
    @(8100 mils, 3950 mils): Horizontal Wire, length 50 mils
[unconnected_wire_endpoint]: Unconnected wire endpoint
    ; warning
    @(8100 mils, 4150 mils): Horizontal Wire, length 50 mils
[unconnected_wire_endpoint]: Unconnected wire endpoint
    ; warning
    @(8100 mils, 4250 mils): Horizontal Wire, length 50 mils
[unconnected_wire_endpoint]: Unconnected wire endpoint
    ; warning
    @(8100 mils, 4350 mils): Horizontal Wire, length 50 mils
[unconnected_wire_endpoint]: Unconnected wire endpoint
    ; warning
    @(8100 mils, 4450 mils): Horizontal Wire, length 50 mils
[unconnected_wire_endpoint]: Unconnected wire endpoint
    ; warning
    @(8100 mils, 4550 mils): Horizontal Wire, length 50 mils
[unconnected_wire_endpoint]: Unconnected wire endpoint
    ; warning
    @(14650 mils, 14800 mils): Horizontal Wire, length 950 mils
[footprint_link_issues]: The current configuration does not include the footprint library 'CC1101RGPR'
    ; warning
    @(16500 mils, 15000 mils): Symbol U5 [CC1101RGPR]
[footprint_link_issues]: The current configuration does not include the footprint library 'CC1101RGPR'
    ; warning
    @(16850 mils, 8950 mils): Symbol U4 [CC1101RGPR]
[unconnected_wire_endpoint]: Unconnected wire endpoint
    ; warning
    @(15750 mils, 20450 mils): Horizontal Wire, length 1350 mils
[unconnected_wire_endpoint]: Unconnected wire endpoint
    ; warning
    @(15800 mils, 21450 mils): Horizontal Wire, length 1350 mils
[unconnected_wire_endpoint]: Unconnected wire endpoint
    ; warning
    @(17400 mils, 14300 mils): Horizontal Wire, length 600 mils
[unconnected_wire_endpoint]: Unconnected wire endpoint
    ; warning
    @(17400 mils, 14500 mils): Horizontal Wire, length 600 mils
[isolated_pin_label]: Label connected to only one pin
    ; warning
    @(18000 mils, 15300 mils): Hierarchical Label 'CC1101_C_GDO0'
[unconnected_wire_endpoint]: Unconnected wire endpoint
    ; warning
    @(17750 mils, 8250 mils): Horizontal Wire, length 600 mils
[unconnected_wire_endpoint]: Unconnected wire endpoint
    ; warning
    @(17750 mils, 8450 mils): Horizontal Wire, length 600 mils
[isolated_pin_label]: Label connected to only one pin
    ; warning
    @(18350 mils, 9250 mils): Hierarchical Label 'CC1101_B_GDO0'
[unconnected_wire_endpoint]: Unconnected wire endpoint
    ; warning
    @(21250 mils, 21800 mils): Horizontal Wire, length 950 mils
[unconnected_wire_endpoint]: Unconnected wire endpoint
    ; warning
    @(21850 mils, 7900 mils): Horizontal Wire, length 950 mils
[footprint_link_issues]: The current configuration does not include the footprint library 'TQP3M9036'
    ; warning
    @(21850 mils, 15500 mils): Symbol U17 [TQP3M9036]
[unconnected_wire_endpoint]: Unconnected wire endpoint
    ; warning
    @(20900 mils, 14500 mils): Horizontal Wire, length 1000 mils
[unconnected_wire_endpoint]: Unconnected wire endpoint
    ; warning
    @(22950 mils, 16750 mils): Horizontal Wire, length 50 mils
[isolated_pin_label]: Label connected to only one pin
    ; warning
    @(25450 mils, 13650 mils): Hierarchical Label 'I2C_SDA'
[isolated_pin_label]: Label connected to only one pin
    ; warning
    @(25450 mils, 13750 mils): Hierarchical Label 'I2C_SCL'
[isolated_pin_label]: Label connected to only one pin
    ; warning
    @(28300 mils, 15200 mils): Hierarchical Label 'CHG_CE_N'
[unconnected_wire_endpoint]: Unconnected wire endpoint
    ; warning
    @(30150 mils, 15650 mils): Horizontal Wire, length 350 mils
[unconnected_wire_endpoint]: Unconnected wire endpoint
    ; warning
    @(30500 mils, 1900 mils): Horizontal Wire, length 50 mils
[unconnected_wire_endpoint]: Unconnected wire endpoint
    ; warning
    @(30000 mils, 8600 mils): Horizontal Wire, length 1350 mils
[unconnected_wire_endpoint]: Unconnected wire endpoint
    ; warning
    @(30000 mils, 9600 mils): Horizontal Wire, length 1350 mils

***** Sheet /POWER/
[hier_label_mismatch]: Hierarchical label CHG_CE_N has no matching sheet pin in the parent sheet
    ; error
    @(1000 mils, 2450 mils): Hierarchical Label 'CHG_CE_N'
[hier_label_mismatch]: Hierarchical label I2C_SCL has no matching sheet pin in the parent sheet
    ; error
    @(1300 mils, 1850 mils): Hierarchical Label 'I2C_SCL'
[hier_label_mismatch]: Hierarchical label I2C_SDA has no matching sheet pin in the parent sheet
    ; error
    @(1300 mils, 1950 mils): Hierarchical Label 'I2C_SDA'
[hier_label_mismatch]: Hierarchical label CHG_USB_DP has no matching sheet pin in the parent sheet
    ; error
    @(1450 mils, 1550 mils): Hierarchical Label 'CHG_USB_DP'
[hier_label_mismatch]: Hierarchical label CHG_USB_DM has no matching sheet pin in the parent sheet
    ; error
    @(1450 mils, 1650 mils): Hierarchical Label 'CHG_USB_DM'
[power_pin_not_driven]: Input Power pin not driven by any Output Power pins
    ; error
    @(2050 mils, 750 mils): Symbol #PWR036 Pin 1 [Power input, Line]
[power_pin_not_driven]: Input Power pin not driven by any Output Power pins
    ; error
    @(2500 mils, 2950 mils): Symbol U13 Pin 17 [PGND, Power input, Line]
[power_pin_not_driven]: Input Power pin not driven by any Output Power pins
    ; error
    @(3800 mils, 5300 mils): Symbol U23 Pin 1 [PVIN, Power input, Line]
[power_pin_not_driven]: Input Power pin not driven by any Output Power pins
    ; error
    @(4050 mils, 2650 mils): Symbol #PWR01 Pin 1 [Power input, Line]
[power_pin_not_driven]: Input Power pin not driven by any Output Power pins
    ; error
    @(4500 mils, 950 mils): Symbol #PWR05 Pin 1 [Power input, Line]
[hier_label_mismatch]: Hierarchical label USB_MUX_SEL has no matching sheet pin in the parent sheet
    ; error
    @(4750 mils, 1250 mils): Hierarchical Label 'USB_MUX_SEL'
[pin_not_driven]: Input pin not driven by any Output pins
    ; error
    @(6600 mils, 1350 mils): Symbol U11 Pin 7 [SCL, Input, Line]
[hier_label_mismatch]: Hierarchical label USB_HOST_VBUS_EN has no matching sheet pin in the parent sheet
    ; error
    @(6700 mils, 2850 mils): Hierarchical Label 'USB_HOST_VBUS_EN'
[hier_label_mismatch]: Hierarchical label BOOST_5V_EN has no matching sheet pin in the parent sheet
    ; error
    @(7200 mils, 5000 mils): Hierarchical Label 'BOOST_5V_EN'
[power_pin_not_driven]: Input Power pin not driven by any Output Power pins
    ; error
    @(8000 mils, 850 mils): Symbol U11 Pin 2 [CELL, Power input, Line]
[power_pin_not_driven]: Input Power pin not driven by any Output Power pins
    ; error
    @(9550 mils, 4100 mils): Symbol #PWR03 Pin 1 [Power input, Line]
[hier_label_mismatch]: Hierarchical label VBUS_HOST has no matching sheet pin in the parent sheet
    ; error
    @(10200 mils, 3050 mils): Hierarchical Label 'VBUS_HOST'
[hier_label_mismatch]: Hierarchical label USB_HOST_FAULT_N has no matching sheet pin in the parent sheet
    ; error
    @(10400 mils, 2850 mils): Hierarchical Label 'USB_HOST_FAULT_N'

***** Sheet /MAIN_CONTROLLER/
[hier_label_mismatch]: Hierarchical label I2C_SDA has no matching sheet pin in the parent sheet
    ; error
    @(5900 mils, 3850 mils): Hierarchical Label 'I2C_SDA'
[hier_label_mismatch]: Hierarchical label I2C_SCL has no matching sheet pin in the parent sheet
    ; error
    @(5900 mils, 4000 mils): Hierarchical Label 'I2C_SCL'
[hier_label_mismatch]: Hierarchical label nCS_SD has no matching sheet pin in the parent sheet
    ; error
    @(6950 mils, 4150 mils): Hierarchical Label 'nCS_SD'
[hier_label_mismatch]: Hierarchical label LINK_ESP_TX has no matching sheet pin in the parent sheet
    ; error
    @(6950 mils, 4250 mils): Hierarchical Label 'LINK_ESP_TX'
[hier_label_mismatch]: Hierarchical label LINK_ESP_RX has no matching sheet pin in the parent sheet
    ; error
    @(6950 mils, 4350 mils): Hierarchical Label 'LINK_ESP_RX'
[hier_label_mismatch]: Hierarchical label LINK_SYNC has no matching sheet pin in the parent sheet
    ; error
    @(6950 mils, 4450 mils): Hierarchical Label 'LINK_SYNC'
[hier_label_mismatch]: Hierarchical label ZEROIZE_BTN has no matching sheet pin in the parent sheet
    ; error
    @(6950 mils, 4550 mils): Hierarchical Label 'ZEROIZE_BTN'
[hier_label_mismatch]: Hierarchical label ENCODER_SW has no matching sheet pin in the parent sheet
    ; error
    @(6950 mils, 4650 mils): Hierarchical Label 'ENCODER_SW'
[hier_label_mismatch]: Hierarchical label GPS_PPS has no matching sheet pin in the parent sheet
    ; error
    @(6950 mils, 4750 mils): Hierarchical Label 'GPS_PPS'
[hier_label_mismatch]: Hierarchical label BUZZER has no matching sheet pin in the parent sheet
    ; error
    @(7000 mils, 3250 mils): Hierarchical Label 'BUZZER'
[hier_label_mismatch]: Hierarchical label RF_SW_A has no matching sheet pin in the parent sheet
    ; error
    @(7000 mils, 3350 mils): Hierarchical Label 'RF_SW_A'
[hier_label_mismatch]: Hierarchical label RF_SW_B has no matching sheet pin in the parent sheet
    ; error
    @(7000 mils, 3550 mils): Hierarchical Label 'RF_SW_B'
[hier_label_mismatch]: Hierarchical label WS2812_DATA has no matching sheet pin in the parent sheet
    ; error
    @(7000 mils, 3650 mils): Hierarchical Label 'WS2812_DATA'
[hier_label_mismatch]: Hierarchical label LF_TMS3705_CE has no matching sheet pin in the parent sheet
    ; error
    @(7000 mils, 3750 mils): Hierarchical Label 'LF_TMS3705_CE'
[hier_label_mismatch]: Hierarchical label HAPTIC_TRIG has no matching sheet pin in the parent sheet
    ; error
    @(7000 mils, 3850 mils): Hierarchical Label 'HAPTIC_TRIG'
[hier_label_mismatch]: Hierarchical label CONSOLE_RX has no matching sheet pin in the parent sheet
    ; error
    @(8650 mils, 3050 mils): Hierarchical Label 'CONSOLE_RX'
[hier_label_mismatch]: Hierarchical label GPS_TX has no matching sheet pin in the parent sheet
    ; error
    @(8650 mils, 3150 mils): Hierarchical Label 'GPS_TX'
[hier_label_mismatch]: Hierarchical label GPS_RX has no matching sheet pin in the parent sheet
    ; error
    @(8650 mils, 3250 mils): Hierarchical Label 'GPS_RX'
[hier_label_mismatch]: Hierarchical label nCS_UWB has no matching sheet pin in the parent sheet
    ; error
    @(8650 mils, 3350 mils): Hierarchical Label 'nCS_UWB'
[hier_label_mismatch]: Hierarchical label UWB_IRQ has no matching sheet pin in the parent sheet
    ; error
    @(8650 mils, 3450 mils): Hierarchical Label 'UWB_IRQ'
[hier_label_mismatch]: Hierarchical label UWB_RST has no matching sheet pin in the parent sheet
    ; error
    @(8650 mils, 3550 mils): Hierarchical Label 'UWB_RST'
[hier_label_mismatch]: Hierarchical label SPI_MOSI has no matching sheet pin in the parent sheet
    ; error
    @(8650 mils, 3650 mils): Hierarchical Label 'SPI_MOSI'
[hier_label_mismatch]: Hierarchical label SPI_SCK has no matching sheet pin in the parent sheet
    ; error
    @(8650 mils, 3750 mils): Hierarchical Label 'SPI_SCK'
[hier_label_mismatch]: Hierarchical label SPI_MISO has no matching sheet pin in the parent sheet
    ; error
    @(8650 mils, 3850 mils): Hierarchical Label 'SPI_MISO'
[hier_label_mismatch]: Hierarchical label nCS_CC1101_B has no matching sheet pin in the parent sheet
    ; error
    @(8650 mils, 3950 mils): Hierarchical Label 'nCS_CC1101_B'
[hier_label_mismatch]: Hierarchical label nCS_CC1101_C has no matching sheet pin in the parent sheet
    ; error
    @(8650 mils, 4050 mils): Hierarchical Label 'nCS_CC1101_C'
[hier_label_mismatch]: Hierarchical label nCS_SI4463 has no matching sheet pin in the parent sheet
    ; error
    @(8650 mils, 4150 mils): Hierarchical Label 'nCS_SI4463'
[hier_label_mismatch]: Hierarchical label ENCODER_A has no matching sheet pin in the parent sheet
    ; error
    @(8650 mils, 4250 mils): Hierarchical Label 'ENCODER_A'
[hier_label_mismatch]: Hierarchical label ENCODER_B has no matching sheet pin in the parent sheet
    ; error
    @(8650 mils, 4350 mils): Hierarchical Label 'ENCODER_B'
[hier_label_mismatch]: Hierarchical label TFT_DC has no matching sheet pin in the parent sheet
    ; error
    @(8650 mils, 4450 mils): Hierarchical Label 'TFT_DC'
[hier_label_mismatch]: Hierarchical label TFT_RST has no matching sheet pin in the parent sheet
    ; error
    @(8650 mils, 4550 mils): Hierarchical Label 'TFT_RST'
[hier_label_mismatch]: Hierarchical label nCS_TFT has no matching sheet pin in the parent sheet
    ; error
    @(8650 mils, 4650 mils): Hierarchical Label 'nCS_TFT'
[hier_label_mismatch]: Hierarchical label nCS_CC1101_A has no matching sheet pin in the parent sheet
    ; error
    @(8650 mils, 4750 mils): Hierarchical Label 'nCS_CC1101_A'
[hier_label_mismatch]: Hierarchical label CONSOLE_TX has no matching sheet pin in the parent sheet
    ; error
    @(9300 mils, 2950 mils): Hierarchical Label 'CONSOLE_TX'

***** Sheet /RP2350_COPROCESSOR/
[hier_label_mismatch]: Hierarchical label USB_HOST_D_N has no matching sheet pin in the parent sheet
    ; error
    @(2200 mils, 3200 mils): Hierarchical Label 'USB_HOST_D_N'
[hier_label_mismatch]: Hierarchical label USB_HOST_D_P has no matching sheet pin in the parent sheet
    ; error
    @(2200 mils, 3500 mils): Hierarchical Label 'USB_HOST_D_P'
[hier_label_mismatch]: Hierarchical label LINK_ESP_RX has no matching sheet pin in the parent sheet
    ; error
    @(6450 mils, 2450 mils): Hierarchical Label 'LINK_ESP_RX'
[hier_label_mismatch]: Hierarchical label LINK_ESP_TX has no matching sheet pin in the parent sheet
    ; error
    @(6450 mils, 2550 mils): Hierarchical Label 'LINK_ESP_TX'
[hier_label_mismatch]: Hierarchical label LINK_SYNC has no matching sheet pin in the parent sheet
    ; error
    @(6450 mils, 2650 mils): Hierarchical Label 'LINK_SYNC'
[hier_label_mismatch]: Hierarchical label CC1101_A_GDO0 has no matching sheet pin in the parent sheet
    ; error
    @(6450 mils, 2850 mils): Hierarchical Label 'CC1101_A_GDO0'
[hier_label_mismatch]: Hierarchical label CC1101_B_GDO0 has no matching sheet pin in the parent sheet
    ; error
    @(6450 mils, 2950 mils): Hierarchical Label 'CC1101_B_GDO0'
[hier_label_mismatch]: Hierarchical label CC1101_C_GDO0 has no matching sheet pin in the parent sheet
    ; error
    @(6450 mils, 3050 mils): Hierarchical Label 'CC1101_C_GDO0'
[hier_label_mismatch]: Hierarchical label REPLAY_OUT has no matching sheet pin in the parent sheet
    ; error
    @(6450 mils, 3150 mils): Hierarchical Label 'REPLAY_OUT'
[hier_label_mismatch]: Hierarchical label CAN_TX has no matching sheet pin in the parent sheet
    ; error
    @(6450 mils, 3250 mils): Hierarchical Label 'CAN_TX'
[hier_label_mismatch]: Hierarchical label CAN_RX has no matching sheet pin in the parent sheet
    ; error
    @(6450 mils, 3350 mils): Hierarchical Label 'CAN_RX'
[hier_label_mismatch]: Hierarchical label NFC_MISO has no matching sheet pin in the parent sheet
    ; error
    @(6450 mils, 3650 mils): Hierarchical Label 'NFC_MISO'
[hier_label_mismatch]: Hierarchical label nCS_NFC has no matching sheet pin in the parent sheet
    ; error
    @(6450 mils, 3750 mils): Hierarchical Label 'nCS_NFC'
[hier_label_mismatch]: Hierarchical label NFC_SCK has no matching sheet pin in the parent sheet
    ; error
    @(6450 mils, 3850 mils): Hierarchical Label 'NFC_SCK'
[hier_label_mismatch]: Hierarchical label NFC_MOSI has no matching sheet pin in the parent sheet
    ; error
    @(6450 mils, 3950 mils): Hierarchical Label 'NFC_MOSI'
[hier_label_mismatch]: Hierarchical label NFC_IRQ has no matching sheet pin in the parent sheet
    ; error
    @(6450 mils, 4250 mils): Hierarchical Label 'NFC_IRQ'
[hier_label_mismatch]: Hierarchical label LF_COIL_A has no matching sheet pin in the parent sheet
    ; error
    @(6450 mils, 4450 mils): Hierarchical Label 'LF_COIL_A'
[hier_label_mismatch]: Hierarchical label LF_COIL_B has no matching sheet pin in the parent sheet
    ; error
    @(6450 mils, 4550 mils): Hierarchical Label 'LF_COIL_B'
[hier_label_mismatch]: Hierarchical label LF_DEMOD has no matching sheet pin in the parent sheet
    ; error
    @(6450 mils, 4650 mils): Hierarchical Label 'LF_DEMOD'
[hier_label_mismatch]: Hierarchical label USB_HOST_VBUS_EN has no matching sheet pin in the parent sheet
    ; error
    @(6450 mils, 4750 mils): Hierarchical Label 'USB_HOST_VBUS_EN'
[hier_label_mismatch]: Hierarchical label USB_HOST_FAULT_N has no matching sheet pin in the parent sheet
    ; error
    @(6450 mils, 4850 mils): Hierarchical Label 'USB_HOST_FAULT_N'

***** Sheet /SUB_GHZ_RF/
[hier_label_mismatch]: Hierarchical label RF_SW_A has no matching sheet pin in the parent sheet
    ; error
    @(1000 mils, 21100 mils): Hierarchical Label 'RF_SW_A'
[power_pin_not_driven]: Input Power pin not driven by any Output Power pins
    ; error
    @(4850 mils, 16350 mils): Symbol U3 Pin 4 [DVDD, Power input, Line]
[power_pin_not_driven]: Input Power pin not driven by any Output Power pins
    ; error
    @(4850 mils, 16450 mils): Symbol U3 Pin 5 [DCOUPL, Power input, Line]
[pin_not_driven]: Input pin not driven by any Output pins
    ; error
    @(4850 mils, 16950 mils): Symbol U3 Pin 1 [SCLK, Input, Clock]
[pin_not_driven]: Input pin not driven by any Output pins
    ; error
    @(4850 mils, 17050 mils): Symbol U3 Pin 20 [SI, Input, Line]
[pin_to_pin]: Pins of type Output and Output are connected
    ; error
    @(4850 mils, 17150 mils): Symbol U3 Pin 2 [SO(GDO1), Output, Line]
    @(17400 mils, 15100 mils): Symbol U5 Pin 2 [SO(GDO1), Output, Line]
[hier_label_mismatch]: Hierarchical label CC1101_A_GDO0 has no matching sheet pin in the parent sheet
    ; error
    @(5450 mils, 17350 mils): Hierarchical Label 'CC1101_A_GDO0'
[hier_label_mismatch]: Hierarchical label REPLAY_OUT has no matching sheet pin in the parent sheet
    ; error
    @(5550 mils, 17600 mils): Hierarchical Label 'REPLAY_OUT'
[hier_label_mismatch]: Hierarchical label nCS_SI4463 has no matching sheet pin in the parent sheet
    ; error
    @(6200 mils, 4450 mils): Hierarchical Label 'nCS_SI4463'
[hier_label_mismatch]: Hierarchical label nCS_CC1101_A has no matching sheet pin in the parent sheet
    ; error
    @(6450 mils, 16850 mils): Hierarchical Label 'nCS_CC1101_A'
[hier_label_mismatch]: Hierarchical label SPI_SCK has no matching sheet pin in the parent sheet
    ; error
    @(7900 mils, 4150 mils): Hierarchical Label 'SPI_SCK'
[hier_label_mismatch]: Hierarchical label SPI_MOSI has no matching sheet pin in the parent sheet
    ; error
    @(7900 mils, 4250 mils): Hierarchical Label 'SPI_MOSI'
[hier_label_mismatch]: Hierarchical label SPI_MISO has no matching sheet pin in the parent sheet
    ; error
    @(7900 mils, 4350 mils): Hierarchical Label 'SPI_MISO'
[power_pin_not_driven]: Input Power pin not driven by any Output Power pins
    ; error
    @(8500 mils, 3350 mils): Symbol U6 Pin 6 [VDD, Power input, Line]
[pin_to_pin]: Pins of type Open collector and Power output are connected
    ; error
    @(17100 mils, 1600 mils): Symbol U27 Pin 5 [QOD, Open collector, Line]
    @(17100 mils, 1400 mils): Symbol U27 Pin 6 [VOUT, Power output, Line]
[power_pin_not_driven]: Input Power pin not driven by any Output Power pins
    ; error
    @(17400 mils, 14300 mils): Symbol U5 Pin 4 [DVDD, Power input, Line]
[power_pin_not_driven]: Input Power pin not driven by any Output Power pins
    ; error
    @(17400 mils, 14400 mils): Symbol U5 Pin 5 [DCOUPL, Power input, Line]
[pin_to_pin]: Pins of type Output and Output are connected
    ; error
    @(17400 mils, 15100 mils): Symbol U5 Pin 2 [SO(GDO1), Output, Line]
    @(8100 mils, 4350 mils): Symbol U6 Pin 13 [SDO, Output, Line]
[power_pin_not_driven]: Input Power pin not driven by any Output Power pins
    ; error
    @(17750 mils, 8250 mils): Symbol U4 Pin 4 [DVDD, Power input, Line]
[power_pin_not_driven]: Input Power pin not driven by any Output Power pins
    ; error
    @(17750 mils, 8350 mils): Symbol U4 Pin 5 [DCOUPL, Power input, Line]
[pin_to_pin]: Pins of type Output and Output are connected
    ; error
    @(17750 mils, 9050 mils): Symbol U4 Pin 2 [SO(GDO1), Output, Line]
    @(17400 mils, 15100 mils): Symbol U5 Pin 2 [SO(GDO1), Output, Line]
[hier_label_mismatch]: Hierarchical label CC1101_C_GDO0 has no matching sheet pin in the parent sheet
    ; error
    @(18000 mils, 15300 mils): Hierarchical Label 'CC1101_C_GDO0'
[hier_label_mismatch]: Hierarchical label CC1101_B_GDO0 has no matching sheet pin in the parent sheet
    ; error
    @(18350 mils, 9250 mils): Hierarchical Label 'CC1101_B_GDO0'
[hier_label_mismatch]: Hierarchical label nCS_CC1101_C has no matching sheet pin in the parent sheet
    ; error
    @(19000 mils, 14800 mils): Hierarchical Label 'nCS_CC1101_C'
[power_pin_not_driven]: Input Power pin not driven by any Output Power pins
    ; error
    @(19050 mils, 3550 mils): Symbol U22 Pin 1 [VBIAS, Power input, Line]
[pin_to_pin]: Pins of type Output and Output are connected
    ; error
    @(19050 mils, 3750 mils): Symbol U22 Pin 14 [RF_OUT/VCC, Output, Line]
    @(19050 mils, 3850 mils): Symbol U22 Pin 15 [RF_OUT/VCC__1, Output, Line]
[pin_to_pin]: Pins of type Output and Output are connected
    ; error
    @(19050 mils, 3850 mils): Symbol U22 Pin 15 [RF_OUT/VCC__1, Output, Line]
    @(19050 mils, 3950 mils): Symbol U22 Pin 16 [RF_OUT/VCC__2, Output, Line]
[hier_label_mismatch]: Hierarchical label nCS_CC1101_B has no matching sheet pin in the parent sheet
    ; error
    @(19350 mils, 8750 mils): Hierarchical Label 'nCS_CC1101_B'
[hier_label_mismatch]: Hierarchical label I2C_SDA has no matching sheet pin in the parent sheet
    ; error
    @(25450 mils, 13650 mils): Hierarchical Label 'I2C_SDA'
[hier_label_mismatch]: Hierarchical label I2C_SCL has no matching sheet pin in the parent sheet
    ; error
    @(25450 mils, 13750 mils): Hierarchical Label 'I2C_SCL'
[pin_not_driven]: Input pin not driven by any Output pins
    ; error
    @(25900 mils, 14000 mils): Symbol U16 Pin 22 [SCL, Input, Line]
[hier_label_mismatch]: Hierarchical label CHG_CE_N has no matching sheet pin in the parent sheet
    ; error
    @(28300 mils, 15200 mils): Hierarchical Label 'CHG_CE_N'
[hier_label_mismatch]: Hierarchical label BOOST_5V_EN has no matching sheet pin in the parent sheet
    ; error
    @(28350 mils, 15300 mils): Hierarchical Label 'BOOST_5V_EN'

 ** ERC messages: 199  Errors 106  Warnings 93

 ** Ignored checks:
    - Global label only appears once in the schematic
    - Four connection points are joined together
    - SPICE model issue
    - Assigned footprint doesn't match footprint filters
